2026-04-17 21:13:16 [WARNING] nextcord.client: PyNaCl is not installed, voice will NOT be supported
2026-04-17 21:13:16 [INFO] nextcord.client: logging in using static token
2026-04-17 21:13:16 [INFO] nextcord.gateway: Shard ID None has sent the IDENTIFY payload.
2026-04-17 21:13:17 [INFO] nextcord.gateway: Shard ID None has connected to Gateway: ["gateway-prd-arm-us-east1-b-r0dd",{"micros":1274016,"calls":["id_created",{"micros":1645,"calls":[]},"session_lookup_time",{"micros":766,"calls":[]},"session_lookup_finished",{"micros":9,"calls":[]},"sessions-prd-gcp-us-east1-b-60",{"micros":1271227,"calls":["start_session",{"micros":1257037,"calls":["prd-rpc-b58d5df4c-7spjm",{"micros":535525,"calls":["get_user",{"micros":26243},"get_guilds",{"micros":28496},"send_scheduled_deletion_message",{"micros":15},"guild_join_requests",{"micros":4},"authorized_ip_coro",{"micros":13},"pending_payments",{"micros":19929},"apex_experiments",{"micros":606661},"sessions_experiments",{"micros":8},"played_application_ids",{"micros":5},"linked_users",{"micros":4},"ad_personalization_toggles_disabled",{"micros":4},"regional_feature_config",{"micros":4}]}]},"starting_guild_connect",{"micros":30,"calls":[]},"presence_started",{"micros":296,"calls":[]},"guilds_started",{"micros":67,"calls":[]},"lobbies_started",{"micros":1,"calls":[]},"guilds_connect",{"micros":1,"calls":[]},"presence_connect",{"micros":13766,"calls":[]},"connect_finished",{"micros":13780,"calls":[]},"build_ready",{"micros":12,"calls":[]},"clean_ready",{"micros":2,"calls":[]},"optimize_ready",{"micros":0,"calls":[]},"split_ready",{"micros":1,"calls":[]}]}]}] (Session ID: 143d9118d77d4b1a2fef86aeba52009a). Resume URL specified as wss://gateway-us-east1-b.discord.gg
2026-04-17 21:13:19 [INFO] bot: Logged in as Burger Bot#8200 (ID: 1494863288461299832)
2026-04-17 21:13:19 [INFO] bot: Bot is ready.
2026-04-17 21:16:40 [INFO] burgers: [/burger-of-the-day] Requested by toomanypeps (ID: 545010568721989636) in #burger-bot-dev at 2026-04-17 21:16:40
2026-04-17 21:16:43 [INFO] httpx: HTTP Request: GET https://bobsburgers-api.herokuapp.com/burgerOfTheDay "HTTP/1.1 200 OK"
2026-04-17 21:16:44 [INFO] httpx: HTTP Request: GET https://bobsburgers-api.herokuapp.com/burgerOfTheDay/140 "HTTP/1.1 200 OK"
2026-04-17 21:16:44 [INFO] burgers: [/burger-of-the-day] Serving: WEEKEND AT BERNAISE BURGER (ID: 140) S8E2
2026-04-17 21:31:10 [WARNING] nextcord.client: PyNaCl is not installed, voice will NOT be supported
2026-04-17 21:31:10 [INFO] nextcord.client: logging in using static token
2026-04-17 21:31:10 [INFO] nextcord.gateway: Shard ID None has sent the IDENTIFY payload.
2026-04-17 21:31:11 [INFO] nextcord.gateway: Shard ID None has connected to Gateway: ["gateway-prd-arm-us-east1-d-2rxg",{"micros":400485,"calls":["id_created",{"micros":2097,"calls":[]},"session_lookup_time",{"micros":288,"calls":[]},"session_lookup_finished",{"micros":12,"calls":[]},"sessions-prd-gcp-us-east1-d-163",{"micros":395982,"calls":["start_session",{"micros":326964,"calls":["prd-rpc-b58d5df4c-sq7lz",{"micros":166933,"calls":["get_user",{"micros":23277},"get_guilds",{"micros":9825},"send_scheduled_deletion_message",{"micros":11},"guild_join_requests",{"micros":3},"authorized_ip_coro",{"micros":10},"pending_payments",{"micros":1366},"apex_experiments",{"micros":137202},"sessions_experiments",{"micros":7},"played_application_ids",{"micros":15},"linked_users",{"micros":5},"ad_personalization_toggles_disabled",{"micros":3},"regional_feature_config",{"micros":3}]}]},"starting_guild_connect",{"micros":35,"calls":[]},"presence_started",{"micros":21750,"calls":[]},"guilds_started",{"micros":103,"calls":[]},"lobbies_started",{"micros":1,"calls":[]},"guilds_connect",{"micros":1,"calls":[]},"presence_connect",{"micros":47094,"calls":[]},"connect_finished",{"micros":47109,"calls":[]},"build_ready",{"micros":15,"calls":[]},"clean_ready",{"micros":3,"calls":[]},"optimize_ready",{"micros":0,"calls":[]},"split_ready",{"micros":1,"calls":[]}]}]}] (Session ID: 9732fed0f3e7458482f3b6edfee886b5). Resume URL specified as wss://gateway-us-east1-d.discord.gg
2026-04-17 21:31:11 [INFO] nextcord.state: nextcord.ConnectionState: Registering command with signature ('random-character', 1, None)
2026-04-17 21:31:13 [INFO] bot: Logged in as Burger Bot#8200 (ID: 1494863288461299832)
2026-04-17 21:31:13 [INFO] bot: Bot is ready.
2026-04-17 21:31:26 [INFO] burgers: [/burger-of-the-day] Requested by toomanypeps (ID: 545010568721989636) in #burger-bot-dev at 2026-04-17 21:31:26
2026-04-17 21:31:27 [INFO] httpx: HTTP Request: GET https://bobsburgers-api.herokuapp.com/burgerOfTheDay "HTTP/1.1 200 OK"
2026-04-17 21:31:28 [INFO] httpx: HTTP Request: GET https://bobsburgers-api.herokuapp.com/burgerOfTheDay/190 "HTTP/1.1 200 OK"
2026-04-17 21:31:28 [INFO] burgers: [/burger-of-the-day] Serving: THE FRANKIE GOES TO HOLLANDAISE BURGER (ID: 190) S9E8
